2389506
2627064
153462
7079496
734300
119802
638574
1630400
28352016
