1314813820
58565336
540998960
1476170392
-466679682
1043372264
2053071694
-1198211866
-1612724812
684707984
-1457800284
804907006
-995581964
-160547614
1548269928
-662043188
73501014
1095729432
739836434
-831306680
-1664178572
-192779254
1050505016
-1912812528
1986536790
-157427760
571760366
1812154194
-1872959032
881590528
-317291024
1487990838
2122333552
154079472
87612682
-1347687978
89209576
-1813343236
-1222339638
-1924397670
-1013113394
-1690880360
-1663827224
465164056
527008110
1539563980
742541716
-52187152
1845063892
332055564
231899190
-34137592
1384022212
-506256288
808887636
-1900238992
54279656
581259636
1426536718
