-920810652
-617141648
45752808
-15626162
-1887212192
-720544036
-560358052
-71106174
1381900536
-710607162
1650144416
-508301884
1945416194
-464546008
-1889081108
-603549586
-1735874006
-1967257380
-1423254322
-1600445100
-2022209426
-1070718464
1048655220
417472946
2133448072
-1059476384
-1575429970
1437219724
1186995250
1739246886
727091638
-1746242410
-1962118588
808445004
288664312
-432831042
1493995780
2102473638
-300294972
-2071768408
-820164692
-1502973226
-784015460
1049196516
1193974074
989998718
1598035958
-994957392
-1761318370
925312464
144592144
-1441378888
-1123742106
-146222580
-1922766764
-148955612
-664235558
-503954248
-1146668440
1786947108
-867687772
