2073452276
1339883476
627501048
-1052844330
1986495744
1967573848
263316460
-74918304
-1574857856
1803404960
-368527266
-127920056
36488744
685091938
906813246
933536140
496042378
-601349464
505158766
1145356830
856695948
-2102437992
-2079584632
576468448
-2100300752
1694938124
-20511248
-1056427084
-1591226910
959187824
-1346867262
820585990
-754599456
-1813805728
-1138459778
1807627506
654080502
1619405166
380763924
649994650
-350116642
-359117892
-512224686
-746816880
-614855578
1817778208
830589848
805978684
928797024
-1808539516
1583647528
-928268484
1861777196
1515291464
-259777830
-749222556
73164774
-969908436
-2038743928
-1362651606
-782516092
-1706118446
1386913370
-1176712220
-255012778
-1824013048
1501394288
411370268
1455958544
-1837352052
1841747694
-249815440
-910308008
