-834806836
-716726962
1516515132
1956376656
-242084902
-1752421136
355462528
1093536592
1498565452
-741475766
1939191448
-1763726888
144993256
-636120200
-406363952
-302336068
-611453812
2088232940
197786296
2030595382
-800058424
-1569390392
403080854
463738404
1073206306
368696660
175565680
163019116
900205208
148115358
673641626
1244194568
115489692
1613679270
-1888162000
-1808654112
-1124952836
-858600676
-89962680
1820063616
-642445338
1445947398
-795330996
996396998
-462758380
1111554544
-1107515222
1232429130
606304946
-1905648054
-1301325584
-933235608
-2037192286
-1517983496
-480467080
-257894306
-1807391488
-665287828
-1798349432
-397320112
1582343322
-1172113914
1633522416
-1933880034
1798119812
-1922020134
1282602010
618399128
-1934150678
-1358952864
-328156422
-346260352
-29726610
150015420
854196096
-1585043700
1539506350
-1761432276
-144289874
-1351095116
-2084867002
