270124624946768
1737434599524066
336201433402200
911871159749304
272169351074
64110487712486
2743646084076
10143285530744
1715891822196
2064379253603220
23321786042744
4883071077373934
105828428238414
1634876858219466
2251270238407716
284653940426346
110338438320146
