6480
6320
3797984
0
13813800
7511576
3388436
2352
717246
2718788
707340
35505558
2550
34959516
34364
4392536
4692
534266
7122224
60398300
1212048
4909568
45576
17029550
2352
474644
0
6660168
5923074
297284
42
1056
4123998
17941020
24370700
11395368
18392804
35995824
4673186
11301050
7832
41688300
1056
5639414
169836
10424544
38076954
6806
16343306
24370700
1260
361356
5578050
209834
0
8956436
61271844
786950
4290
286374
6104822
3888000
4869806
4354550
103524
2756
20103404
1640
4510464
58654698
0
72464
30732144
20256120
734300
99354
6480
2148746
4019064
3758898
1640
2210750
2087624
281474
1640
156
5744352
6
434258
2601296
4160
6
1547108
