4803800
6480
7656
12325158
8013086
710826
4692
38845916
756
24252416
635552
156
30
156
4692
6480
6233700
3793836
534266
8908524
17898678
