110
0
2534000
310400
420
110
6613800
14203068
952392
2517906
2758208
191000
1066956
22473960
6480
445050
3594096
6154116
664286
3271668
1332
287552
1066956
212576
29426964
480216
1744620
4354550
2222610
16556
2352
2756
13813800
9889212
2337404
5677566
46031396
2879300
715638
29700
38076954
22030574
1542522
68436404
21258306
31188404
7832
3306
191000
4692
156
17814144
15782376
9614432
141936
156
2892696
13364096
4970
72
133424
