618239406921672
2603492508022046
45790807143210
242038622261606
3641427647136
1261607637083600
3578151191890466
660647113565300
7892736877050
69748663118750
958620457963200
1706332151691558
402259161030344
2870716581506624
5962347642732704
5278348921703750
382698468469436
37686664232450
2372895374504
558935487537500
1242844410380574
10225928100140
9806614839800
581980427299646
101896356264456
86553930837200
62102280
17290132490688
1401831214341200
774717444360050
806873367772496
1520107850024436
851660767461884
5324508162152196
5876192545997424
1224366687030032
375795652422794
346570777267700
1676058585910494
48146994103604
3963553189191800
