1944043806
1225586064
-989726998
1462956856
-1838116032
-1482799914
821199654
1832885216
2025686416
1376201210
-139951396
-983703684
1637502280
-556131268
1979344196
1215615108
1835107956
-1003315660
-1050313760
1504397638
1266581312
1690146916
445516356
1771048656
-210238488
-1108377830
-1662239710
-237437966
-306396640
-1894253772
145913598
81709680
-901919476
1882600806
1064107914
-11727424
-202441500
-677692320
-508771788
-1133825128
-1592554256
-167469992
69009450
861128082
1716508164
1272337152
-255788176
-631168202
2019743060
1224597772
-794256920
