1675890082360200
70568543179904
158919215831600
36870696002624
3594228814999184
267108439747616
888527147937776
90603726864
4783522436600958
2352174777274524
6743529914860454
18263507434046
396276167537550
1120959056034
299127419513640
528035659032050
4298299858172304
189153934906544
1826463178274408
4143308362608440
1934786890259976
