387559437
76424
773
274423830033
547337
387559437
108
773
1439975216
1
