2033628
2872
1
5350220959
3788394725871
20569
104308960
8
1
