513356
539817
155326
19462
46096
236996
155197
523849
296412
385273
335239
386383
590225
0
0
0
661595
283907
1797
16048
852104
392413
144983
207404
0
0
624995
272990
113323
722294
50604
141196
568532
382870
347562
29058
800367
633616
242585
197880
420548
2491
465867
540646
221885
15132
609429
634261
268820
157414
0
392326
184434
474688
310450
490660
342398
294388
348654
152326
456394
186015
589304
190216
55487
97701
449049
0
0
0
26560
6304
324711
763898
242409
168053
93207
9805
85219
206615
258358
408783
0
116880
780191
386563
218398
46768
350109
0
487011
348189
72909
523906
155468
287882
83736
509461
130330
0
