44683372
51039617
31355946
14942238
12781426
4559414
70767511
70497439
17199101
19152512
28700161
37361642
0
20241561
38638580
44715826
0
30296584
30925915
6136395
73004114
26457973
0
6577291
43502179
15166410
63906453
0
23986670
25917920
0
63035572
3639854
9064291
0
61363001
26627119
3418281
11003840
1610869
56071493
4778475
0
2370755
2743658
37405948
0
20999699
0
10103797
0
30596361
0
24725941
46981058
0
1428397
2005199
16660633
2035272
29587055
27608852
32226860
69712503
5521365
22355309
18661322
38254549
61856017
55185830
73889355
0
0
3477745
33308699
38375536
33866950
1158055
20401858
0
34804087
51806672
44184123
31939559
3782504
54106842
0
32143951
18736225
63295691
0
32792650
8628251
14099738
52406955
2446489
41550540
26358862
49172196
29676715
