50380759
46754080
17815296
9866960
34066632
34238554
0
23897287
47163003
14781645
0
38288422
60226097
45302050
40989642
11163106
19370299
55293721
64870467
44052152
29761515
38640863
7016492
0
43496178
54045114
54135167
0
23490481
1084563
20181292
45079043
14056110
26219568
0
72510691
20991720
36111293
15846128
23661983
8777585
31972282
42213738
62190071
0
27480436
23002875
16878371
39366460
11814772
36453892
62480626
28746894
0
19432265
18494417
24337392
0
0
1367964
24349362
0
14719956
0
0
27994961
0
15402342
40128493
21526663
88685153
20394220
20182114
28383157
57014032
10710076
48881101
31846869
81077284
80037971
10648782
51921128
55154735
37830493
35815416
28097316
18229747
12241669
34438524
1627107
41124141
65103379
31062121
28148334
26196741
4318646
15072063
2322728
62114193
0
