15293875
0
44609558
60273868
2387061
36781316
72684011
65744737
747054
54315695
10627362
20856411
43219233
17650228
23495597
47188464
15760753
31328675
70782049
0
77965679
20007663
89228807
19073147
7960946
20028553
2366099
41463323
19832346
40501074
0
70765215
36954900
0
34893089
30189552
0
43516379
4885718
53967819
32050716
0
122283
64423788
25944174
78753700
34951893
53345690
50818414
10493307
30536833
28499591
3233855
29932169
0
1177058
11783553
15445723
65892227
32970592
26998523
34738055
22163632
54647449
64852142
55450009
0
30306669
34087882
38205189
69483146
19789633
12549086
38254748
17003913
51326925
10374355
14918188
0
36191978
33947462
23746216
22942428
3979793
23844318
11944208
18499116
32302161
9819960
29284347
0
0
4173766
2872379
14377470
0
46242565
0
23566415
26823164
