17723347
3997283
44122590
14842462
17486981
27749378
21344069
11355432
0
37423077
21936106
0
0
0
20389378
41931393
0
59586854
32906597
4210864
0
0
6087025
36305476
70449271
0
0
6120960
0
33096151
0
0
23727380
30643572
62098285
9196122
6156280
0
6697531
37742145
16244108
27405315
39043644
40409496
6430831
63246689
15014367
69683267
0
45137450
4041060
0
0
11353654
3384328
15341215
37483098
19851261
8552614
5369158
15140016
25934317
19245252
2635205
0
27333987
15987445
33849193
26948874
3142398
34876554
21047642
0
26239582
20443099
22332719
39633957
20886769
21000294
523506
79351118
17632835
29363868
54593011
29228119
52747904
70223210
29103397
38595526
8234038
9619986
383172
44631353
8551746
40815373
8780009
17297482
24880129
0
37377271
