40543398
51641531
24292056
20902807
4873664
29798097
34851635
0
43877538
0
53230892
62047574
0
22268281
0
24067349
55437903
11015599
19294505
54089196
48129449
27170554
27199046
53423145
65850272
0
0
0
0
31176751
35642417
2372537
45974904
3518135
24119738
43659869
1973396
35009324
21021173
42027494
38378745
10178385
2168597
0
19304850
28632422
15303818
14971988
0
0
35435406
28291556
3619804
9597974
36956814
50464520
40543278
35022799
13608369
55146848
36589646
19347993
20933146
1052869
21630250
65009588
6646757
26002161
23061442
10665323
38802462
20373231
0
40070954
6097349
0
42364851
44204933
26714535
0
5038283
11050956
13082824
18809151
4007655
24201309
43455706
7442733
45723481
67335672
0
21000195
18615255
31279217
33351474
0
2879301
3466511
0
65193571
