0
134
6
35
0
578
0
72
12
411
294
0
224
26
73
0
168
389
427
260
0
498
498
27
163
0
0
306
217
318
167
164
539
68
372
184
226
0
97
0
0
101
219
373
249
453
152
383
216
35
411
558
162
184
147
603
0
6
28
187
106
0
185
342
487
21
0
120
493
41
438
349
290
124
92
45
92
78
215
412
12
88
481
333
0
0
382
0
666
88
0
578
0
0
187
0
0
122
30
0
