0
329
290
209
421
179
65
188
591
120
231
407
360
0
183
23
579
13
289
372
494
472
655
165
588
261
804
19
244
0
122
241
0
245
360
806
35
414
226
344
286
48
125
443
209
617
455
391
532
592
234
798
358
176
179
326
351
0
428
283
425
291
0
433
95
443
59
193
73
36
533
264
395
165
2
276
236
18
157
309
21
126
367
400
11
310
710
418
8
0
152
412
0
17
0
68
294
47
66
178
