653
269
591
510
770
137
0
0
604
0
0
382
89
114
5
134
102
0
0
138
245
272
606
72
753
0
123
186
779
0
481
440
93
252
80
767
11
83
356
582
0
411
238
466
348
342
33
591
458
0
45
327
139
0
115
453
166
0
539
85
0
199
70
0
422
341
0
632
0
276
108
276
390
248
385
606
264
250
346
0
69
151
158
116
208
35
151
294
367
284
49
0
424
0
190
363
109
0
678
288
