442993
326637
328741
360630
72397
104380
0
196829
333038
0
123715
238102
297978
264748
471976
686182
186326
464813
400940
273988
189129
100375
678922
476580
341332
156141
298541
263312
213103
223615
0
88928
670734
66936
401398
69707
138459
615876
189093
66123
378867
354234
581676
527447
2377
165074
348186
171366
65050
128335
303189
0
630806
119957
456203
371538
508400
171697
0
148611
0
616743
107344
593765
69501
375587
335032
320383
446543
387037
123263
48664
234336
370043
372673
27445
85935
61802
332709
230257
162567
344763
41339
439214
435767
257099
12735
433125
54374
0
560255
144769
0
128460
114209
359127
351308
520494
163917
298518
