0
137421
287992
192658
224578
144097
0
530493
0
0
305248
145683
266846
37167
177394
896972
107134
254666
53447
0
302322
507243
607116
278718
222245
0
35886
107678
279071
38060
685379
533208
224788
127556
65029
446620
158725
438462
0
317194
0
339624
595988
90859
408886
139070
24874
88850
336237
0
301253
347912
319345
312149
92997
120520
210576
85466
217106
16397
252274
227089
548213
0
554010
517121
544109
15547
328440
399624
394812
300747
27954
362933
424577
588797
159328
602311
119939
13769
232716
0
662836
421859
371798
458402
172107
13873
622852
597758
89306
0
178288
480189
50266
118183
0
54363
0
58751
