144717
6126
152329
88821
0
36604
211879
844
561355
407770
238403
431220
105941
138583
165080
0
597681
505812
325669
215053
369566
70727
111219
186366
244427
553
446623
365499
62210
12180
48602
82370
0
214504
435837
126783
515265
545187
16869
158828
118943
226161
212130
230949
250985
0
0
404132
174618
99340
485516
475035
343744
342292
696942
0
67660
274354
344089
0
0
96681
265566
133244
99147
377893
0
79214
324935
368991
328956
448567
141677
0
759582
0
63411
123577
38038
699584
198374
502816
622193
443596
565384
542259
116363
64872
538692
0
349537
101126
242529
425803
162060
270939
193519
553910
109931
265237
