295546
132464
31664
84032
120121
589126
320928
0
57565
43279
253082
321325
430731
461307
0
0
243966
195418
365402
81614
23302
548574
590912
709052
558329
176275
620176
425829
106417
637635
509391
418777
213128
276427
227197
624864
0
78654
198918
536380
425670
566383
0
303382
698611
267947
670830
0
169340
0
327585
370963
299430
259580
207460
37095
515905
0
217916
627101
411567
245215
95293
18947
108849
584206
397468
305512
0
415123
539798
569791
15806
0
483287
0
219706
0
172247
48113
343878
672920
326435
93224
0
288273
453158
651665
118240
47192
182348
318715
0
256194
58726
455842
622798
358201
638074
555844
