14
39
17
16
18
36
19
34
23
23
19
17
42
41
25
19
14
26
3
28
21
6
40
41
6
33
35
20
41
38
6
18
24
19
18
24
13
3
8
23
28
36
21
3
5
38
33
41
14
