316
44
444
285
90
187
439
366
242
173
140
130
420
268
181
231
146
103
325
227
422
237
99
59
159
91
350
271
320
158
62
49
210
421
251
462
202
322
430
142
353
276
221
167
121
356
244
144
440
100
342
351
358
266
301
437
132
247
283
65
227
210
250
123
277
457
277
357
78
353
332
174
466
192
425
290
112
133
387
223
335
215
118
103
400
412
