445
283
364
229
72
103
327
319
229
95
361
432
189
380
430
279
78
379
186
297
424
158
118
146
139
428
322
84
131
207
180
245
347
237
278
432
278
235
303
383
56
329
289
387
202
155
160
334
457
333
411
378
341
167
345
440
86
374
426
116
54
228
78
422
418
290
429
271
44
458
331
406
261
442
281
130
139
409
160
286
287
116
48
141
314
212
158
189
346
172
377
304
154
419
144
248
340
177
302
431
