451
196
300
195
58
75
239
385
161
134
122
355
54
153
93
101
382
341
426
238
63
422
391
434
246
267
303
419
52
179
53
457
438
110
138
134
449
365
51
371
297
459
190
205
60
118
67
76
329
63
290
410
245
426
58
264
330
64
417
427
317
101
407
452
171
240
319
204
144
67
248
217
258
90
346
196
370
350
167
138
242
