69
207
386
302
52
467
129
318
458
407
108
122
97
327
282
100
340
253
118
217
204
71
245
105
74
450
109
311
393
95
75
234
455
260
429
248
232
356
326
197
476
114
194
183
376
198
232
422
396
327
382
77
145
399
282
122
169
