41
29
9
6
5
35
24
34
35
15
20
22
16
10
20
35
19
13
22
5
34
34
33
33
24
9
42
41
6
41
9
30
14
33
14
4
28
32
25
39
3
