6
19
14
21
14
7
40
4
9
14
19
41
40
3
34
17
30
6
4
23
35
21
30
39
5
