7
14
31
7
8
5
15
39
42
31
10
13
29
35
18
12
6
37
27
37
23
12
14
35
20
16
25
7
33
11
37
31
17
2
32
34
30
35
14
18
33
34
14
20
30
6
