19
5
20
11
30
14
5
18
15
43
3
11
41
36
31
41
10
7
7
15
