Lin
Lin
Lin
Lin
Lin
Lin
Lin
Lin
Lin
Lin
Lin
Lin
Lin
Lin
Lin
Lin
Shin
Lin
Lin
Lin
Shin
Lin
Lin
Lin
Lin
Lin
Lin
Lin
Lin
Lin
Lin
Lin
Lin
Lin
Lin
Lin
Lin
Lin
Lin
Lin
Lin
Lin
Lin
Lin
Lin
Lin
Lin
Lin
Lin
Lin
Lin
Lin
Lin
Lin
Lin
Lin
Lin
Lin
Lin
Lin
Lin
Lin
Lin
Lin
Lin
Shin
Lin
Lin
Lin
Lin
Lin
Lin
Lin
Lin
Lin
Lin
Lin
Lin
Lin
Lin
Shin
Lin
Lin
Lin
