Shin
Lin
Lin
Lin
Lin
Lin
Lin
Lin
Lin
Lin
Lin
Lin
Lin
Lin
Lin
Lin
Lin
Lin
Lin
Lin
Lin
Lin
Lin
Lin
Lin
Lin
Lin
Lin
