944546848
3020763024
74558393
5456480728
5767353520
4296390800
