1474352481
6559246840
4116331920
3662002752
3673799760
4134640840
234025435
2751087720
4932534336
5077756520
7951660672
7609652552
5118405776
7917024488
2410787752
6055328846
5817221368
3244348639
4489776128
