3672129440
2171120208
1108832296
4920615648
1840698112
1975833960
4709175272
190243221
4829893520
5439681352
1989873912
56159976
4718087368
7086646648
7010402176
4304641425
4905636496
2815696478
6428399032
3335641617
2664248504
5858850728
3215200808
6408981159
2729342232
4019723560
7968220040
5509184387
2973365808
85988864
5687699888
4700302488
788921984
828165008
3794022440
5441372616
7254391144
5883016816
7357707856
225895992
7394586616
2157942451
685746864
6254188456
7144662264
2226654480
6375485800
