3018073664
7871225056
2900102608
7860610192
5993925035
78026512
7667981416
3548333728
51461104
3024775416
2544096919
5588356672
4638793144
7259969216
