6674088744
7182367544
7310626912
5481363448
6539183128
683638992
7546456672
872591016
5104539384
6630314368
2467267640
6149105464
1722070136
2380572832
3880069676
4307406744
258165920
3144046199
1210110664
6668821672
5837272088
2712547248
4121619496
383666448
2407297976
7041255104
3712068552
2472194128
5985153440
6467792888
7109633424
7085750928
7614504024
977175542
5992299288
1702667701
5348266560
5339492864
3462911956
3844738079
898311712
5496210328
7651186232
1508314280
3168371576
5469877896
4125217160
4199933760
