3739619136
3160913826
7634641856
4673086736
63130352
7920366008
1239497848
7451078536
247758248
5821425552
7478908160
3636053477
1426779256
1219830936
4359280352
1644734896
5947285328
548251928
6568720440
3623502624
7792018104
2857989256
4091833319
6738817040
5470258048
4967443152
574268992
6554104416
7686191248
1587003320
7070653376
5688930072
2966933000
2454213792
2572717928
5092939192
6919282056
4252276112
5369555296
86383456
5124098840
1497213184
2217928832
6805430560
3377178408
853551048
5058108680
6345176072
4157289152
699436240
7827583504
1881084328
4311420248
2571383824
2250222632
7280536600
589358304
7102231480
6892620680
6090982112
2365913360
2582840336
5418106304
7668920312
2441043176
7751844448
3602189240
857095288
6498621520
5001502064
467211536
5587124504
5810258304
6327431608
6092010240
4924659344
2385826450
1291066658
4741555644
3083593848
7827280400
1033412904
4133628848
6507362952
5791874864
5916935072
344972558
6962047176
1829373749
1093872342
3742446976
