3931791048
6426118016
784510076
6489857784
1666704200
2665270024
2953419760
3780293552
2930167784
7271989512
3230696264
441355568
681935056
5217637384
4956345872
6429381768
5805950472
1172204520
1977798856
7671784904
5723591256
