1888298064
7628745824
7378491128
4775591336
1330036864
7685260080
5443324528
7012104928
3904150296
196813856
2150154600
7961909544
4042604784
5279416392
1967972544
3427316656
7524313568
7653053800
6280540904
6258316256
1864359512
1551105240
6125093192
840882280
2405713792
2582996320
1054006888
3263751608
2429841616
6532984912
4983271744
2573091728
7695915720
7120052872
3857592976
5487014136
3109568399
3566904776
7991766960
336227080
4513765186
276970072
544148920
5520447824
