4102932616
7279256056
7697933016
3060471040
2397518912
3530734224
3734837208
2867640816
3821671208
5099561056
5548677456
4894277288
7492856776
2626436560
7430256120
5151887120
6237912368
4544401659
655474379
4612525224
4265495752
600331992
4835550167
1997802200
762201128
1132665800
4914487344
4086026152
1163186240
7137646960
3092282800
4625030440
3081195744
1668739584
4859394888
6530153602
6571681544
4872022600
6927200936
3353171016
3108309664
2439847312
7009947592
6643708608
7226938640
6958988448
791324952
4933930064
3229134144
3455060824
3769872280
6070118496
