6314562424
2818832896
4471724192
1178717480
4715659392
3638340064
48624664
2785867680
3788673582
859439856
1654825431
4208316224
3613962808
3402458408
5713547048
2207024304
12279384
320063208
1908561480
5513802600
5277705728
4925713376
2723743416
4871620976
3458422200
4047563765
3823326208
2355295544
1445129720
6438659104
4340069936
4376581272
4776874896
5478353188
5230318488
2069815760
32593016
7645130720
4976770544
310638800
6672663112
5908393365
7772582816
3263387704
4265643232
4419220976
2886764112
