7491027120
2996494360
4183371152
649160704
5817390864
187725968
5369244400
6033246936
4804800152
6291283136
6426672832
4639012976
1446732512
612613408
141448192
3767292808
1903823936
4588443704
5396331512
573175800
5027418328
3131198176
850420904
4854598320
1735465676
7986328880
7020266688
7955069664
3950144664
7294266040
3392875304
1764613616
5499831078
858153672
3975133295
7634840728
6830922938
6489295302
6454397000
7494632728
4802689672
7879475800
4511874885
2612486504
179256192
455348776
1409922032
1501072744
608153808
2030611544
32377832
6218140512
1676707592
5675620848
1206061816
1856451864
7922116368
817482656
3538077224
7073959672
6384057072
1923522736
5721446144
2894186491
4487939336
5605264544
6253316923
5507820920
2252398440
6466239048
2458570376
3638469800
5355298584
681091264
4248465112
1154461800
4480638392
6811054720
6137366400
1711906168
5173830968
7260032856
2277079504
3119456408
2706045504
