4276187168
2743045424
710092312
5881445536
5634409168
967172944
449453766
4233623448
28037416
3666453168
5145278472
4291731584
6376416488
616525184
1922500112
1819192040
7522071016
4593683112
854042272
7264710512
4421363064
4020965312
3505878816
6776340496
5230349000
1736048992
2132125368
7582288072
7331363768
4266965896
3022147528
7385033296
2474888416
6023610232
7467289376
6245253016
4545093400
3472486888
4614228848
7232643688
3781049784
1126678112
5938881568
6745861328
4079746704
5710364784
358986560
305248320
4775118464
994470368
5387092328
2437642376
2913424024
4717049200
369309920
3116906576
626811784
4215263792
5055226288
3260339320
7908841360
3184171680
7344268024
1699932776
3292947336
1219763552
691848800
4547064528
4325879672
7812522760
3710437224
7398663168
2315053224
7681651336
3470055312
4489338336
5082031424
817210368
4080013194
1757267968
7867235144
3040359344
4697419080
513100528
